{"timestamp":"2026-06-08T09:13:12.831234Z","level":"info","event":"::group::Pre Execute","logger":"task","filename":"task_runner.py","lineno":1926}
{"timestamp":"2026-06-08T09:13:12.851679Z","level":"warning","event":"Could not import pandas. Holidays will not be considered.","logger":"airflow.example_dags.plugins.workday","dag_id":"quality_check_variant_calling","run_id":"manual__2026-06-08T08:48:40.884841+00:00","map_index":-1,"task_id":"check_mapping","try_number":1,"ti_id":"019ea66b-75ee-7b78-91c0-c48666fbc4ad","filename":"workday.py","lineno":41}
{"timestamp":"2026-06-08T09:13:12.854225Z","level":"info","event":"DAG bundles loaded: dags-folder, example_dags","dag_id":"quality_check_variant_calling","run_id":"manual__2026-06-08T08:48:40.884841+00:00","map_index":-1,"task_id":"check_mapping","try_number":1,"ti_id":"019ea66b-75ee-7b78-91c0-c48666fbc4ad","logger":"airflow.dag_processing.bundles.manager.DagBundlesManager","filename":"manager.py","lineno":209}
{"timestamp":"2026-06-08T09:13:12.854919Z","level":"info","event":"Filling up the DagBag from /root/airflow/dags/pipeline_dag.py","dag_id":"quality_check_variant_calling","run_id":"manual__2026-06-08T08:48:40.884841+00:00","map_index":-1,"task_id":"check_mapping","try_number":1,"ti_id":"019ea66b-75ee-7b78-91c0-c48666fbc4ad","logger":"airflow.dag_processing.dagbag.BundleDagBag","filename":"dagbag.py","lineno":469}
{"timestamp":"2026-06-08T09:13:12.910938Z","level":"info","event":"Task instance is in running state","logger":"task.stdout"}
{"timestamp":"2026-06-08T09:13:12.911387Z","level":"info","event":" Previous state of the Task instance: TaskInstanceState.QUEUED","logger":"task.stdout"}
{"timestamp":"2026-06-08T09:13:12.911760Z","level":"info","event":"Current task name:check_mapping","logger":"task.stdout"}
{"timestamp":"2026-06-08T09:13:12.911859Z","level":"info","event":"Dag name:quality_check_variant_calling","logger":"task.stdout"}
{"timestamp":"2026-06-08T09:13:12.911130Z","level":"info","event":"::endgroup::","dag_id":"quality_check_variant_calling","run_id":"manual__2026-06-08T08:48:40.884841+00:00","map_index":-1,"task_id":"check_mapping","try_number":1,"ti_id":"019ea66b-75ee-7b78-91c0-c48666fbc4ad","logger":"task","filename":"task_runner.py","lineno":1727}
{"timestamp":"2026-06-08T09:13:12.913436Z","level":"info","event":"Картировано: 85.79%","logger":"task.stdout"}
{"timestamp":"2026-06-08T09:13:12.913371Z","level":"info","event":"Done. Returned value was: write_not_ok","dag_id":"quality_check_variant_calling","run_id":"manual__2026-06-08T08:48:40.884841+00:00","map_index":-1,"task_id":"check_mapping","try_number":1,"ti_id":"019ea66b-75ee-7b78-91c0-c48666fbc4ad","logger":"airflow.task.operators.airflow.providers.standard.operators.python.BranchPythonOperator","filename":"python.py","lineno":233}
{"timestamp":"2026-06-08T09:13:12.913475Z","level":"info","event":"Branch into write_not_ok","dag_id":"quality_check_variant_calling","run_id":"manual__2026-06-08T08:48:40.884841+00:00","map_index":-1,"task_id":"check_mapping","try_number":1,"ti_id":"019ea66b-75ee-7b78-91c0-c48666fbc4ad","logger":"airflow.task.operators.airflow.providers.standard.operators.python.BranchPythonOperator","filename":"branch.py","lineno":40}
{"timestamp":"2026-06-08T09:13:12.914204Z","level":"info","event":"Following branch {'write_not_ok'}","dag_id":"quality_check_variant_calling","run_id":"manual__2026-06-08T08:48:40.884841+00:00","map_index":-1,"task_id":"check_mapping","try_number":1,"ti_id":"019ea66b-75ee-7b78-91c0-c48666fbc4ad","logger":"airflow.task.operators.airflow.providers.standard.operators.python.BranchPythonOperator","filename":"skipmixin.py","lineno":124}
{"timestamp":"2026-06-08T09:13:12.915073Z","level":"info","event":"Skipping tasks [('write_ok', -1)]","dag_id":"quality_check_variant_calling","run_id":"manual__2026-06-08T08:48:40.884841+00:00","map_index":-1,"task_id":"check_mapping","try_number":1,"ti_id":"019ea66b-75ee-7b78-91c0-c48666fbc4ad","logger":"airflow.task.operators.airflow.providers.standard.operators.python.BranchPythonOperator","filename":"skipmixin.py","lineno":163}
{"timestamp":"2026-06-08T09:13:12.928949Z","level":"info","event":"::group::Post Execute","dag_id":"quality_check_variant_calling","run_id":"manual__2026-06-08T08:48:40.884841+00:00","map_index":-1,"task_id":"check_mapping","try_number":1,"ti_id":"019ea66b-75ee-7b78-91c0-c48666fbc4ad","logger":"task","filename":"task_runner.py","lineno":1313}
{"timestamp":"2026-06-08T09:13:12.929082Z","level":"info","event":"Skipping downstream tasks.","dag_id":"quality_check_variant_calling","run_id":"manual__2026-06-08T08:48:40.884841+00:00","map_index":-1,"task_id":"check_mapping","try_number":1,"ti_id":"019ea66b-75ee-7b78-91c0-c48666fbc4ad","logger":"task","filename":"task_runner.py","lineno":1314}
{"timestamp":"2026-06-08T09:13:12.968444Z","level":"info","event":"Task instance in success state","logger":"task.stdout"}
{"timestamp":"2026-06-08T09:13:12.968722Z","level":"info","event":" Previous state of the Task instance: TaskInstanceState.RUNNING","logger":"task.stdout"}
{"timestamp":"2026-06-08T09:13:12.968851Z","level":"info","event":"Task operator:<Task(BranchPythonOperator): check_mapping>","logger":"task.stdout"}
{"timestamp":"2026-06-08T09:13:12.968727Z","level":"info","event":"::endgroup::","dag_id":"quality_check_variant_calling","run_id":"manual__2026-06-08T08:48:40.884841+00:00","map_index":-1,"task_id":"check_mapping","try_number":1,"ti_id":"019ea66b-75ee-7b78-91c0-c48666fbc4ad","logger":"task","filename":"task_runner.py","lineno":1896}
